// Jest Snapshot v1, https://goo.gl/fbAQLP

exports[`Give a Search component Should rendered correcty 1`] = `
Array [
  <h1>
    Search
  </h1>,
  <hr />,
  <div
    className="row"
  >
    <div
      className="col-5"
    >
      <hr />
      <form
        onSubmit={[Function]}
      >
        <input
          autoComplete="off"
          className="form-control"
          name="searchText"
          onChange={[Function]}
          placeholder="Search hero"
          type="text"
          value=""
        />
        <button
          className="btn btn-success mt-2"
          type="submit"
        >
          Search...
        </button>
      </form>
    </div>
    <div
      className="col-7"
    >
      <h4>
        Results
      </h4>
      <hr />
      <div
        className="alert alert-info"
      >
        Search Hero
      </div>
    </div>
  </div>,
]
`;
